// Jest Snapshot v1, https://goo.gl/fbAQLP

exports[`NotFound (snapshot) renders according to snapshot 1`] = `
<OneColumnThin
  className=""
  offset={9}
  span={6}
  title="404 page not found"
>
  <h1>
    Doh! 404!
  </h1>
  <p>
    These are 
    <em>
      not
    </em>
     the droids you are looking for!
  </p>
</OneColumnThin>
`;
